Microchip MPLAB XC8 Compiler V1.42 ()

Linker command line:

-W-3 --edf=C:\Program Files (x86)\Microchip\xc8\v1.42\dat\en_msgs.txt -cs \
  -h+dist/default/production\wireless_emargency.X.production.sym \
  --cmf=dist/default/production\wireless_emargency.X.production.cmf -z \
  -Q16F18325 -oC:\Users\nemot\AppData\Local\Temp\sb3k.2 \
  -Mdist/default/production/wireless_emargency.X.production.map -E1 \
  -ver=XC8 -ASTACK=02083h-023efh -pstack=STACK -ACODE=00h-07FFhx4 \
  -ASTRCODE=00h-01FFFh -ASTRING=00h-0FFhx32 -ACONST=00h-0FFhx32 \
  -AENTRY=00h-0FFhx32 -ACOMMON=070h-07Fh -ABANK0=020h-06Fh \
  -ABANK1=0A0h-0EFh -ABANK2=0120h-016Fh -ABANK3=01A0h-01EFh \
  -ABANK4=0220h-026Fh -ABANK5=02A0h-02EFh -ABANK6=0320h-036Fh \
  -ABANK7=03A0h-03EFh -ABANK8=0420h-046Fh -ABANK9=04A0h-04EFh \
  -ABANK10=0520h-056Fh -ABANK11=05A0h-05EFh -ABANK12=0620h-064Fh \
  -ABIGRAM=02000h-023EFh \
  -ARAM=020h-06Fh,0A0h-0EFh,0120h-016Fh,01A0h-01EFh,0220h-026Fh,02A0h-02EFh,0320h-036Fh,03A0h-03EFh,0420h-046Fh,04A0h-04EFh,0520h-056Fh,05A0h-05EFh,0620h-064Fh \
  -AABS1=020h-07Fh,0A0h-0EFh,0120h-016Fh,01A0h-01EFh,0220h-026Fh,02A0h-02EFh,0320h-036Fh,03A0h-03EFh,0420h-046Fh,04A0h-04EFh,0520h-056Fh,05A0h-05EFh,0620h-064Fh \
  -ASFR0=00h-01Fh -ASFR1=080h-09Fh -ASFR2=0100h-011Fh -ASFR3=0180h-019Fh \
  -ASFR4=0200h-021Fh -ASFR5=0280h-029Fh -ASFR6=0300h-031Fh \
  -ASFR7=0380h-039Fh -ASFR8=0400h-041Fh -ASFR9=0480h-049Fh \
  -ASFR10=0500h-051Fh -ASFR11=0580h-059Fh -ASFR12=0600h-061Fh \
  -ASFR13=0680h-06EFh -ASFR14=0700h-076Fh -ASFR15=0780h-07EFh \
  -ASFR16=0800h-086Fh -ASFR17=0880h-08EFh -ASFR18=0900h-096Fh \
  -ASFR19=0980h-09EFh -ASFR20=0A00h-0A6Fh -ASFR21=0A80h-0AEFh \
  -ASFR22=0B00h-0B6Fh -ASFR23=0B80h-0BEFh -ASFR24=0C00h-0C6Fh \
  -ASFR25=0C80h-0CEFh -ASFR26=0D00h-0D6Fh -ASFR27=0D80h-0DEFh \
  -ASFR28=0E00h-0E6Fh -ASFR29=0E80h-0EEFh -ASFR30=0F00h-0F6Fh \
  -ASFR31=0F80h-0FEFh -preset_vec=00h,intentry=04h,init,end_init \
  -ppowerup=CODE -pcinit=CODE -pfunctab=CODE -ACONFIG=08007h-0800Ah \
  -pconfig=CONFIG -DCONFIG=2 -AIDLOC=08000h-08003h -pidloc=IDLOC -DIDLOC=2 \
  -AEEDATA=00h-0FFh/0F000h -peeprom_data=EEDATA -DEEDATA=2 -DCODE=2 \
  -DSTRCODE=2 -DSTRING=2 -DCONST=2 -DENTRY=2 -k \
  C:\Users\nemot\AppData\Local\Temp\sb3k.obj \
  dist/default/production\wireless_emargency.X.production.obj 

Object code version is 3.11

Machine type is 16F18325



                Name                               Link     Load   Length Selector   Space Scale
C:\Users\nemot\AppData\Local\Temp\sb3k.obj
                end_init                             33       33        2        8       0
                reset_vec                             0        0        2        0       0
                config                             8007     8007        4    1000E       0
dist/default/production\wireless_emargency.X.production.obj
                cinit                                35       35       13        8       0
                intentry                              4        4       2F        8       0
                text13                              244      244       12        8       0
                text12                              277      277        7        8       0
                text11                              28E      28E        4        8       0
                text10                               48       48      161        8       0
                text8                               22A      22A       1A        8       0
                text7                               284      284        6        8       0
                text6                               1DC      1DC       31        8       0
                text5                               28A      28A        4        8       0
                text4                               262      262        C        8       0
                text3                               256      256        C        8       0
                text2                               26E      26E        9        8       0
                text1                               20D      20D       1D        8       0
                maintext                            1A9      1A9       33        8       0
                cstackBANK0                          5B       5B        6       20       1
                cstackCOMMON                         70       70        B       70       1
                cstackBANK1                          BF       BF       14       A0       1
                clrtext                             27E      27E        6        8       0
                bssBANK1                             A0       A0       1F       A0       1
                bssBANK0                             20       20       3B       20       1
                nvBANK0                              61       61        1       20       1

TOTAL           Name                               Link     Load   Length     Space
        CLASS   STACK          

        CLASS   CODE           
                end_init                             33       33        2         0
                cinit                                35       35       13         0
                intentry                              4        4       2F         0
                reset_vec                             0        0        2         0
                text13                              244      244       12         0
                text12                              277      277        7         0
                text11                              28E      28E        4         0
                text10                               48       48      161         0
                text8                               22A      22A       1A         0
                text7                               284      284        6         0
                text6                               1DC      1DC       31         0
                text5                               28A      28A        4         0
                text4                               262      262        C         0
                text3                               256      256        C         0
                text2                               26E      26E        9         0
                text1                               20D      20D       1D         0
                maintext                            1A9      1A9       33         0
                clrtext                             27E      27E        6         0

        CLASS   STRCODE        

        CLASS   STRING         

        CLASS   CONST          

        CLASS   ENTRY          

        CLASS   COMMON         
                cstackCOMMON                         70       70        B         1

        CLASS   BANK0          
                cstackBANK0                          5B       5B        6         1
                bssBANK0                             20       20       3B         1
                nvBANK0                              61       61        1         1

        CLASS   BANK1          
                cstackBANK1                          BF       BF       14         1
                bssBANK1                             A0       A0       1F         1

        CLASS   BANK2          

        CLASS   BANK3          

        CLASS   BANK4          

        CLASS   BANK5          

        CLASS   BANK6          

        CLASS   BANK7          

        CLASS   BANK8          

        CLASS   BANK9          

        CLASS   BANK10         

        CLASS   BANK11         

        CLASS   BANK12         

        CLASS   BIGRAM         

        CLASS   RAM            

        CLASS   ABS1           
                abs_s1                               7E       7E        2         1

        CLASS   SFR0           

        CLASS   SFR1           

        CLASS   SFR2           

        CLASS   SFR3           

        CLASS   SFR4           

        CLASS   SFR5           

        CLASS   SFR6           

        CLASS   SFR7           

        CLASS   SFR8           

        CLASS   SFR9           

        CLASS   SFR10          

        CLASS   SFR11          

        CLASS   SFR12          

        CLASS   SFR13          

        CLASS   SFR14          

        CLASS   SFR15          

        CLASS   SFR16          

        CLASS   SFR17          

        CLASS   SFR18          

        CLASS   SFR19          

        CLASS   SFR20          

        CLASS   SFR21          

        CLASS   SFR22          

        CLASS   SFR23          

        CLASS   SFR24          

        CLASS   SFR25          

        CLASS   SFR26          

        CLASS   SFR27          

        CLASS   SFR28          

        CLASS   SFR29          

        CLASS   SFR30          

        CLASS   SFR31          

        CLASS   CONFIG         
                config                             8007     8007        4         0

        CLASS   IDLOC          

        CLASS   EEDATA         

        CLASS   BANK31         

        CLASS   BANK30         

        CLASS   BANK29         

        CLASS   BANK28         

        CLASS   BANK27         

        CLASS   BANK26         

        CLASS   BANK25         

        CLASS   BANK24         

        CLASS   BANK23         

        CLASS   BANK22         

        CLASS   BANK21         

        CLASS   BANK20         

        CLASS   BANK19         

        CLASS   BANK18         

        CLASS   BANK17         

        CLASS   BANK16         

        CLASS   BANK15         

        CLASS   BANK14         

        CLASS   BANK13         



SEGMENTS        Name                           Load    Length   Top    Selector   Space  Class     Delta

                reset_vec                      000000  000002  000002         0       0  CODE        2
                intentry                       000004  00028E  000292         8       0  CODE        2
                bssBANK0                       000020  000042  000062        20       1  BANK0       1
                cstackCOMMON                   000070  00000B  00007B        70       1  COMMON      1
                bssBANK1                       0000A0  000033  0000D3        A0       1  BANK1       1
                config                         008007  000004  00800B     1000E       0  CONFIG      2


UNUSED ADDRESS RANGES

        Name                Unused          Largest block    Delta
        BANK0            00062-0006F               E           1
        BANK1            000D3-000EF              1D           1
        BANK10           00520-0056F              50           1
        BANK11           005A0-005EF              50           1
        BANK12           00620-0064F              30           1
        BANK2            00120-0016F              50           1
        BANK3            001A0-001EF              50           1
        BANK4            00220-0026F              50           1
        BANK5            002A0-002EF              50           1
        BANK6            00320-0036F              50           1
        BANK7            003A0-003EF              50           1
        BANK8            00420-0046F              50           1
        BANK9            004A0-004EF              50           1
        BIGRAM           02000-023EF             3F0           1
        CODE             00002-00003               2           2
                         00292-01FFF             800
        COMMON           0007B-0007D               3           1
        CONST            00002-00003               2           2
                         00292-01FFF             100
        EEDATA           0F000-0F0FF             100           2
        ENTRY            00002-00003               2           2
                         00292-01FFF             100
        IDLOC            08000-08003               4           2
        RAM              00062-0006F               E           1
                         000D3-000EF              1D
                         00120-0016F              50
                         001A0-001EF              50
                         00220-0026F              50
                         002A0-002EF              50
                         00320-0036F              50
                         003A0-003EF              50
                         00420-0046F              50
                         004A0-004EF              50
                         00520-0056F              50
                         005A0-005EF              50
                         00620-0064F              30
        SFR0             00000-0001F              20           1
        SFR1             00080-0009F              20           1
        SFR10            00500-0051F              20           1
        SFR11            00580-0059F              20           1
        SFR12            00600-0061F              20           1
        SFR13            00680-006EF              70           1
        SFR14            00700-0076F              70           1
        SFR15            00780-007EF              70           1
        SFR16            00800-0086F              70           1
        SFR17            00880-008EF              70           1
        SFR18            00900-0096F              70           1
        SFR19            00980-009EF              70           1
        SFR2             00100-0011F              20           1
        SFR20            00A00-00A6F              70           1
        SFR21            00A80-00AEF              70           1
        SFR22            00B00-00B6F              70           1
        SFR23            00B80-00BEF              70           1
        SFR24            00C00-00C6F              70           1
        SFR25            00C80-00CEF              70           1
        SFR26            00D00-00D6F              70           1
        SFR27            00D80-00DEF              70           1
        SFR28            00E00-00E6F              70           1
        SFR29            00E80-00EEF              70           1
        SFR3             00180-0019F              20           1
        SFR30            00F00-00F6F              70           1
        SFR31            00F80-00FEF              70           1
        SFR4             00200-0021F              20           1
        SFR5             00280-0029F              20           1
        SFR6             00300-0031F              20           1
        SFR7             00380-0039F              20           1
        SFR8             00400-0041F              20           1
        SFR9             00480-0049F              20           1
        STACK            02083-023EF             36D           1
        STRCODE          00002-00003               2           2
                         00292-01FFF            1D6E
        STRING           00002-00003               2           2
                         00292-01FFF             100

                                  Symbol Table

EUSART_TxInterrupt_Control_emargency@enable_or_disable   cstackBANK0  00060
EUSART_Write_emargency@txData                            cstackBANK1  000C9
Initialize_Parameters@i                                  bssBANK0     00050
PIN_MANAGER_Initialize@state                             cstackBANK0  00060
Send_StartSignal@TXIEbit                                 cstackBANK1  000CE
Send_StartSignal@transmission                            cstackBANK1  000CA
Send_StartSignal@txinterrupt_control                     cstackBANK1  000CC
Send_Till_EndSignal@TxData                               cstackCOMMON 00079
Send_Till_EndSignal@bus_number                           cstackCOMMON 00077
Send_Till_EndSignal@number_of_txdata                     cstackCOMMON 00075
Send_Till_EndSignal@transmission                         cstackCOMMON 00071
Send_Till_EndSignal@txinterrupt_control                  cstackCOMMON 00073
_ANSELA                                                  (abs)        0018C
_ANSELC                                                  (abs)        0018E
_BAUD1CON                                                (abs)        0019F
_EUSART_Initialize                                       text8        0022A
_EUSART_TxInterrupt_Control_emargency                    text3        00256
_EUSART_TxInterrupt_Control_emargency$intlevel0          text3        0025A
_EUSART_Write_emargency                                  text2        0026E
_EUSART_Write_emargency$intlevel0                        text2        00272
_GIE                                                     (abs)        0005F
_INTCONbits                                              (abs)        0000B
_INTERRUPT_InterruptManager                              intentry     00004
_LATA                                                    (abs)        0010C
_LATC                                                    (abs)        0010E
_LATCbits                                                (abs)        0010E
_ODCONA                                                  (abs)        0028C
_ODCONC                                                  (abs)        0028E
_OP                                                      bssBANK0     0003B
_OSCCON1                                                 (abs)        00919
_OSCCON3                                                 (abs)        0091B
_OSCEN                                                   (abs)        0091D
_OSCILLATOR_Initialize                                   text7        00284
_OSCTUNE                                                 (abs)        0091E
_PIE1bits                                                (abs)        00091
_PIN_MANAGER_Initialize                                  text6        001DC
_PIR1bits                                                (abs)        00011
_PORTCbits                                               (abs)        0000E
_PPSLOCK                                                 (abs)        00E0F
_PPSLOCKbits                                             (abs)        00E0F
_RC0PPSbits                                              (abs)        00EA0
_RC1REG                                                  (abs)        00199
_RC1STA                                                  (abs)        0019D
_RC1STAbits                                              (abs)        0019D
_SP1BRGH                                                 (abs)        0019C
_SP1BRGL                                                 (abs)        0019B
_SYSTEM_Initialize                                       text4        00262
_SeP                                                     bssBANK0     00020
_Send_StartSignal                                        text1        0020D
_Send_Till_EndSignal                                     text10       00048
_StP                                                     bssBANK0     0002F
_TRISA                                                   (abs)        0008C
_TRISC                                                   (abs)        0008E
_TRISCbits                                               (abs)        0008E
_TX1REG                                                  (abs)        0019A
_TX1STA                                                  (abs)        0019E
_TXREG                                                   (abs)        0019A
_TxData0                                                 bssBANK0     0005A
_WDTCON                                                  (abs)        00097
_WDT_Initialize                                          text5        0028A
_WPUA                                                    (abs)        0020C
_WPUC                                                    (abs)        0020E
__CFG_BOREN$OFF                                          (abs)        00000
__CFG_BORV$HIGH                                          (abs)        00000
__CFG_CLKOUTEN$OFF                                       (abs)        00000
__CFG_CP$OFF                                             (abs)        00000
__CFG_CPD$OFF                                            (abs)        00000
__CFG_CSWEN$OFF                                          (abs)        00000
__CFG_DEBUG$OFF                                          (abs)        00000
__CFG_FCMEN$OFF                                          (abs)        00000
__CFG_FEXTOSC$OFF                                        (abs)        00000
__CFG_LPBOREN$OFF                                        (abs)        00000
__CFG_LVP$ON                                             (abs)        00000
__CFG_MCLRE$OFF                                          (abs)        00000
__CFG_PPS1WAY$ON                                         (abs)        00000
__CFG_PWRTE$OFF                                          (abs)        00000
__CFG_RSTOSC$HFINT32                                     (abs)        00000
__CFG_STVREN$OFF                                         (abs)        00000
__CFG_WDTE$OFF                                           (abs)        00000
__CFG_WRT$OFF                                            (abs)        00000
__Habs1                                                  abs1         00000
__Hbank0                                                 bank0        00000
__Hbank1                                                 bank1        00000
__Hbank10                                                bank10       00000
__Hbank11                                                bank11       00000
__Hbank12                                                bank12       00000
__Hbank13                                                bank13       00000
__Hbank14                                                bank14       00000
__Hbank15                                                bank15       00000
__Hbank16                                                bank16       00000
__Hbank17                                                bank17       00000
__Hbank18                                                bank18       00000
__Hbank19                                                bank19       00000
__Hbank2                                                 bank2        00000
__Hbank20                                                bank20       00000
__Hbank21                                                bank21       00000
__Hbank22                                                bank22       00000
__Hbank23                                                bank23       00000
__Hbank24                                                bank24       00000
__Hbank25                                                bank25       00000
__Hbank26                                                bank26       00000
__Hbank27                                                bank27       00000
__Hbank28                                                bank28       00000
__Hbank29                                                bank29       00000
__Hbank3                                                 bank3        00000
__Hbank30                                                bank30       00000
__Hbank31                                                bank31       00000
__Hbank4                                                 bank4        00000
__Hbank5                                                 bank5        00000
__Hbank6                                                 bank6        00000
__Hbank7                                                 bank7        00000
__Hbank8                                                 bank8        00000
__Hbank9                                                 bank9        00000
__Hbigram                                                bigram       00000
__HbssBANK0                                              bssBANK0     00000
__HbssBANK1                                              bssBANK1     00000
__Hcinit                                                 cinit        00048
__Hclrtext                                               clrtext      00000
__Hcode                                                  code         00000
__Hcommon                                                common       00000
__Hconfig                                                config       0800B
__HcstackBANK0                                           cstackBANK0  00000
__HcstackBANK1                                           cstackBANK1  00000
__HcstackCOMMON                                          cstackCOMMON 00000
__Heeprom_data                                           eeprom_data  00000
__Hend_init                                              end_init     00035
__Hfunctab                                               functab      00000
__Hidloc                                                 idloc        00000
__Hinit                                                  init         00033
__Hintentry                                              intentry     00033
__Hmaintext                                              maintext     00000
__HnvBANK0                                               nvBANK0      00000
__Hpowerup                                               powerup      00000
__Hram                                                   ram          00000
__Hreset_vec                                             reset_vec    00002
__Hsfr0                                                  sfr0         00000
__Hsfr1                                                  sfr1         00000
__Hsfr10                                                 sfr10        00000
__Hsfr11                                                 sfr11        00000
__Hsfr12                                                 sfr12        00000
__Hsfr13                                                 sfr13        00000
__Hsfr14                                                 sfr14        00000
__Hsfr15                                                 sfr15        00000
__Hsfr16                                                 sfr16        00000
__Hsfr17                                                 sfr17        00000
__Hsfr18                                                 sfr18        00000
__Hsfr19                                                 sfr19        00000
__Hsfr2                                                  sfr2         00000
__Hsfr20                                                 sfr20        00000
__Hsfr21                                                 sfr21        00000
__Hsfr22                                                 sfr22        00000
__Hsfr23                                                 sfr23        00000
__Hsfr24                                                 sfr24        00000
__Hsfr25                                                 sfr25        00000
__Hsfr26                                                 sfr26        00000
__Hsfr27                                                 sfr27        00000
__Hsfr28                                                 sfr28        00000
__Hsfr29                                                 sfr29        00000
__Hsfr3                                                  sfr3         00000
__Hsfr30                                                 sfr30        00000
__Hsfr31                                                 sfr31        00000
__Hsfr4                                                  sfr4         00000
__Hsfr5                                                  sfr5         00000
__Hsfr6                                                  sfr6         00000
__Hsfr7                                                  sfr7         00000
__Hsfr8                                                  sfr8         00000
__Hsfr9                                                  sfr9         00000
__Hspace_0                                               (abs)        0800B
__Hspace_1                                               (abs)        000D3
__Hspace_2                                               (abs)        00000
__Hspace_3                                               (abs)        00000
__Hstack                                                 stack        00000
__Hstrings                                               strings      00000
__Htext                                                  text         00000
__Labs1                                                  abs1         00000
__Lbank0                                                 bank0        00000
__Lbank1                                                 bank1        00000
__Lbank10                                                bank10       00000
__Lbank11                                                bank11       00000
__Lbank12                                                bank12       00000
__Lbank13                                                bank13       00000
__Lbank14                                                bank14       00000
__Lbank15                                                bank15       00000
__Lbank16                                                bank16       00000
__Lbank17                                                bank17       00000
__Lbank18                                                bank18       00000
__Lbank19                                                bank19       00000
__Lbank2                                                 bank2        00000
__Lbank20                                                bank20       00000
__Lbank21                                                bank21       00000
__Lbank22                                                bank22       00000
__Lbank23                                                bank23       00000
__Lbank24                                                bank24       00000
__Lbank25                                                bank25       00000
__Lbank26                                                bank26       00000
__Lbank27                                                bank27       00000
__Lbank28                                                bank28       00000
__Lbank29                                                bank29       00000
__Lbank3                                                 bank3        00000
__Lbank30                                                bank30       00000
__Lbank31                                                bank31       00000
__Lbank4                                                 bank4        00000
__Lbank5                                                 bank5        00000
__Lbank6                                                 bank6        00000
__Lbank7                                                 bank7        00000
__Lbank8                                                 bank8        00000
__Lbank9                                                 bank9        00000
__Lbigram                                                bigram       00000
__LbssBANK0                                              bssBANK0     00000
__LbssBANK1                                              bssBANK1     00000
__Lcinit                                                 cinit        00035
__Lclrtext                                               clrtext      00000
__Lcode                                                  code         00000
__Lcommon                                                common       00000
__Lconfig                                                config       08007
__LcstackBANK0                                           cstackBANK0  00000
__LcstackBANK1                                           cstackBANK1  00000
__LcstackCOMMON                                          cstackCOMMON 00000
__Leeprom_data                                           eeprom_data  00000
__Lend_init                                              end_init     00033
__Lfunctab                                               functab      00000
__Lidloc                                                 idloc        00000
__Linit                                                  init         00033
__Lintentry                                              intentry     00004
__Lmaintext                                              maintext     00000
__LnvBANK0                                               nvBANK0      00000
__Lpowerup                                               powerup      00000
__Lram                                                   ram          00000
__Lreset_vec                                             reset_vec    00000
__Lsfr0                                                  sfr0         00000
__Lsfr1                                                  sfr1         00000
__Lsfr10                                                 sfr10        00000
__Lsfr11                                                 sfr11        00000
__Lsfr12                                                 sfr12        00000
__Lsfr13                                                 sfr13        00000
__Lsfr14                                                 sfr14        00000
__Lsfr15                                                 sfr15        00000
__Lsfr16                                                 sfr16        00000
__Lsfr17                                                 sfr17        00000
__Lsfr18                                                 sfr18        00000
__Lsfr19                                                 sfr19        00000
__Lsfr2                                                  sfr2         00000
__Lsfr20                                                 sfr20        00000
__Lsfr21                                                 sfr21        00000
__Lsfr22                                                 sfr22        00000
__Lsfr23                                                 sfr23        00000
__Lsfr24                                                 sfr24        00000
__Lsfr25                                                 sfr25        00000
__Lsfr26                                                 sfr26        00000
__Lsfr27                                                 sfr27        00000
__Lsfr28                                                 sfr28        00000
__Lsfr29                                                 sfr29        00000
__Lsfr3                                                  sfr3         00000
__Lsfr30                                                 sfr30        00000
__Lsfr31                                                 sfr31        00000
__Lsfr4                                                  sfr4         00000
__Lsfr5                                                  sfr5         00000
__Lsfr6                                                  sfr6         00000
__Lsfr7                                                  sfr7         00000
__Lsfr8                                                  sfr8         00000
__Lsfr9                                                  sfr9         00000
__Lspace_0                                               (abs)        00000
__Lspace_1                                               (abs)        00000
__Lspace_2                                               (abs)        00000
__Lspace_3                                               (abs)        00000
__Lstack                                                 stack        00000
__Lstrings                                               strings      00000
__Ltext                                                  text         00000
__S0                                                     (abs)        0800B
__S1                                                     (abs)        000D3
__S2                                                     (abs)        00000
__S3                                                     (abs)        00000
___bmul                                                  text13       00244
___bmul@multiplicand                                     cstackBANK1  000C3
___bmul@multiplier                                       cstackBANK1  000C8
___bmul@product                                          cstackBANK1  000C7
___int_sp                                                stack        00000
___latbits                                               (abs)        00002
___sp                                                    stack        00000
__end_of_EUSART_Initialize                               text8        00244
__end_of_EUSART_TxInterrupt_Control_emargency            text3        00262
__end_of_EUSART_Write_emargency                          text2        00277
__end_of_INTERRUPT_InterruptManager                      intentry     00033
__end_of_OSCILLATOR_Initialize                           text7        0028A
__end_of_PIN_MANAGER_Initialize                          text6        0020D
__end_of_SYSTEM_Initialize                               text4        0026E
__end_of_Send_StartSignal                                text1        0022A
__end_of_Send_Till_EndSignal                             text10       001A9
__end_of_WDT_Initialize                                  text5        0028E
__end_of___bmul                                          text13       00256
__end_of__initialization                                 cinit        00044
__end_of_main                                            maintext     001DC
__end_ofi1_EUSART_TxInterrupt_Control_emargency          text12       0027E
__end_ofi1_EUSART_Write_emargency                        text11       00292
__initialization                                         cinit        00035
__pbssBANK0                                              bssBANK0     00020
__pbssBANK1                                              bssBANK1     000A0
__pcstackBANK0                                           cstackBANK0  0005B
__pcstackBANK1                                           cstackBANK1  000BF
__pcstackCOMMON                                          cstackCOMMON 00070
__pintentry                                              intentry     00004
__pmaintext                                              maintext     001A9
__pnvBANK0                                               nvBANK0      00061
__ptext1                                                 text1        0020D
__ptext10                                                text10       00048
__ptext11                                                text11       0028E
__ptext12                                                text12       00277
__ptext13                                                text13       00244
__ptext2                                                 text2        0026E
__ptext3                                                 text3        00256
__ptext4                                                 text4        00262
__ptext5                                                 text5        0028A
__ptext6                                                 text6        001DC
__ptext7                                                 text7        00284
__ptext8                                                 text8        0022A
__size_of_EUSART_Initialize                              (abs)        00000
__size_of_EUSART_TxInterrupt_Control_emargency           (abs)        00000
__size_of_EUSART_Write_emargency                         (abs)        00000
__size_of_INTERRUPT_InterruptManager                     (abs)        00000
__size_of_OSCILLATOR_Initialize                          (abs)        00000
__size_of_PIN_MANAGER_Initialize                         (abs)        00000
__size_of_SYSTEM_Initialize                              (abs)        00000
__size_of_Send_StartSignal                               (abs)        00000
__size_of_Send_Till_EndSignal                            (abs)        00000
__size_of_WDT_Initialize                                 (abs)        00000
__size_of___bmul                                         (abs)        00000
__size_of_main                                           (abs)        00000
__size_ofi1_EUSART_TxInterrupt_Control_emargency         (abs)        00000
__size_ofi1_EUSART_Write_emargency                       (abs)        00000
_eusartRxBuffer                                          bssBANK1     000A8
_eusartRxCount                                           bssBANK0     00055
_eusartRxHead                                            bssBANK0     00057
_eusartRxTail                                            bssBANK0     00056
_eusartTxBuffer                                          bssBANK1     000B0
_eusartTxBufferRemaining                                 nvBANK0      00061
_eusartTxHead                                            bssBANK0     00059
_eusartTxTail                                            bssBANK0     00058
_main                                                    maintext     001A9
_not_of_before_data                                      bssBANK0     00054
btemp                                                    (abs)        0007E
clear_ram0                                               clrtext      0027E
end_of_initialization                                    cinit        00044
i1EUSART_TxInterrupt_Control_emargency@enable_or_disable cstackCOMMON 00070
i1EUSART_Write_emargency@txData                          cstackCOMMON 00070
i1_EUSART_TxInterrupt_Control_emargency                  text12       00277
i1_EUSART_Write_emargency                                text11       0028E
int$flags                                                (abs)        0007E
intlevel0                                                functab      00000
intlevel1                                                functab      00000
intlevel2                                                functab      00000
intlevel3                                                functab      00000
intlevel4                                                functab      00000
intlevel5                                                functab      00000
main@emargency_data                                      cstackBANK1  000D2
reset_vec                                                reset_vec    00000
stackhi                                                  (abs)        023EF
stacklo                                                  (abs)        02083
start                                                    init         00033
start_initialization                                     cinit        00035
wtemp0                                                   (abs)        0007E


FUNCTION INFORMATION:

 *************** function _main *****************
 Defined at:
		line 15 in file "main.c"
 Parameters:    Size  Location     Type
		None
 Auto vars:     Size  Location     Type
  emargency_da    1   19[BANK1 ] unsigned char 
 Return value:  Size  Location     Type
                  1    wreg      void 
 Registers used:
		wreg, status,2, status,0, pclath, cstack
 Tracked objects:
		On entry : 
		On exit  : 
		Unchanged: 
 Data sizes:     COMMON   BANK0   BANK1   BANK2   BANK3   BANK4   BANK5   BANK6   BANK7   BANK8   BANK9  BANK10  BANK11  BANK12
      Params:         0       0       0       0       0       0       0       0       0       0       0       0       0       0
      Locals:         0       0       1       0       0       0       0       0       0       0       0       0       0       0
      Temps:          0       0       2       0       0       0       0       0       0       0       0       0       0       0
      Totals:         0       0       3       0       0       0       0       0       0       0       0       0       0       0
Total ram usage:        3 bytes
 Hardware stack levels required when called:    5
 This function calls:
		_SYSTEM_Initialize
		_Send_StartSignal
 This function is called by:
		Startup code after reset
 This function uses a non-reentrant model


 *************** function _Send_StartSignal *****************
 Defined at:
		line 66 in file "Controller_Protocol.c"
 Parameters:    Size  Location     Type
  transmission    2   11[BANK1 ] PTR FTN(unsigned char ,)
		 -> EUSART_Write_emargency(1), 
  txinterrupt_    2   13[BANK1 ] PTR FTN(unsigned char ,)
		 -> EUSART_TxInterrupt_Control_emargency(1), 
  TXIEbit         1   15[BANK1 ] unsigned char 
 Auto vars:     Size  Location     Type
		None
 Return value:  Size  Location     Type
                  1    wreg      void 
 Registers used:
		wreg, status,2, status,0, pclath, cstack
 Tracked objects:
		On entry : 
		On exit  : 
		Unchanged: 
 Data sizes:     COMMON   BANK0   BANK1   BANK2   BANK3   BANK4   BANK5   BANK6   BANK7   BANK8   BANK9  BANK10  BANK11  BANK12
      Params:         0       0       5       0       0       0       0       0       0       0       0       0       0       0
      Locals:         0       0       0       0       0       0       0       0       0       0       0       0       0       0
      Temps:          0       0       1       0       0       0       0       0       0       0       0       0       0       0
      Totals:         0       0       6       0       0       0       0       0       0       0       0       0       0       0
Total ram usage:        6 bytes
 Hardware stack levels used:    1
 Hardware stack levels required when called:    4
 This function calls:
		_EUSART_TxInterrupt_Control_emargency
		_EUSART_Write_emargency
 This function is called by:
		_main
 This function uses a non-reentrant model


 *************** function _EUSART_Write_emargency *****************
 Defined at:
		line 57 in file "main.c"
 Parameters:    Size  Location     Type
  txData          1   10[BANK1 ] unsigned char 
 Auto vars:     Size  Location     Type
		None
 Return value:  Size  Location     Type
                  1    wreg      void 
 Registers used:
		wreg
 Tracked objects:
		On entry : 
		On exit  : 
		Unchanged: 
 Data sizes:     COMMON   BANK0   BANK1   BANK2   BANK3   BANK4   BANK5   BANK6   BANK7   BANK8   BANK9  BANK10  BANK11  BANK12
      Params:         0       0       1       0       0       0       0       0       0       0       0       0       0       0
      Locals:         0       0       0       0       0       0       0       0       0       0       0       0       0       0
      Temps:          0       0       0       0       0       0       0       0       0       0       0       0       0       0
      Totals:         0       0       1       0       0       0       0       0       0       0       0       0       0       0
Total ram usage:        1 bytes
 Hardware stack levels used:    1
 Hardware stack levels required when called:    3
 This function calls:
		Nothing
 This function is called by:
		_main
		_Send_StartSignal
		_Send_Till_EndSignal
 This function uses a non-reentrant model


 *************** function _EUSART_TxInterrupt_Control_emargency *****************
 Defined at:
		line 62 in file "main.c"
 Parameters:    Size  Location     Type
  enable_or_di    1    5[BANK0 ] unsigned char 
 Auto vars:     Size  Location     Type
		None
 Return value:  Size  Location     Type
                  1    wreg      void 
 Registers used:
		wreg, status,0
 Tracked objects:
		On entry : 
		On exit  : 
		Unchanged: 
 Data sizes:     COMMON   BANK0   BANK1   BANK2   BANK3   BANK4   BANK5   BANK6   BANK7   BANK8   BANK9  BANK10  BANK11  BANK12
      Params:         0       1       0       0       0       0       0       0       0       0       0       0       0       0
      Locals:         0       0       0       0       0       0       0       0       0       0       0       0       0       0
      Temps:          0       0       0       0       0       0       0       0       0       0       0       0       0       0
      Totals:         0       1       0       0       0       0       0       0       0       0       0       0       0       0
Total ram usage:        1 bytes
 Hardware stack levels used:    1
 Hardware stack levels required when called:    3
 This function calls:
		Nothing
 This function is called by:
		_main
		_Send_StartSignal
		_Send_Till_EndSignal
 This function uses a non-reentrant model


 *************** function _SYSTEM_Initialize *****************
 Defined at:
		line 76 in file "mcc_generated_files/mcc.c"
 Parameters:    Size  Location     Type
		None
 Auto vars:     Size  Location     Type
		None
 Return value:  Size  Location     Type
                  1    wreg      void 
 Registers used:
		wreg, status,2, status,0, pclath, cstack
 Tracked objects:
		On entry : 
		On exit  : 
		Unchanged: 
 Data sizes:     COMMON   BANK0   BANK1   BANK2   BANK3   BANK4   BANK5   BANK6   BANK7   BANK8   BANK9  BANK10  BANK11  BANK12
      Params:         0       0       0       0       0       0       0       0       0       0       0       0       0       0
      Locals:         0       0       0       0       0       0       0       0       0       0       0       0       0       0
      Temps:          0       0       0       0       0       0       0       0       0       0       0       0       0       0
      Totals:         0       0       0       0       0       0       0       0       0       0       0       0       0       0
Total ram usage:        0 bytes
 Hardware stack levels used:    1
 Hardware stack levels required when called:    4
 This function calls:
		_EUSART_Initialize
		_OSCILLATOR_Initialize
		_PIN_MANAGER_Initialize
		_WDT_Initialize
 This function is called by:
		_main
 This function uses a non-reentrant model


 *************** function _WDT_Initialize *****************
 Defined at:
		line 97 in file "mcc_generated_files/mcc.c"
 Parameters:    Size  Location     Type
		None
 Auto vars:     Size  Location     Type
		None
 Return value:  Size  Location     Type
                  1    wreg      void 
 Registers used:
		wreg
 Tracked objects:
		On entry : 
		On exit  : 
		Unchanged: 
 Data sizes:     COMMON   BANK0   BANK1   BANK2   BANK3   BANK4   BANK5   BANK6   BANK7   BANK8   BANK9  BANK10  BANK11  BANK12
      Params:         0       0       0       0       0       0       0       0       0       0       0       0       0       0
      Locals:         0       0       0       0       0       0       0       0       0       0       0       0       0       0
      Temps:          0       0       0       0       0       0       0       0       0       0       0       0       0       0
      Totals:         0       0       0       0       0       0       0       0       0       0       0       0       0       0
Total ram usage:        0 bytes
 Hardware stack levels used:    1
 Hardware stack levels required when called:    3
 This function calls:
		Nothing
 This function is called by:
		_SYSTEM_Initialize
 This function uses a non-reentrant model


 *************** function _PIN_MANAGER_Initialize *****************
 Defined at:
		line 51 in file "mcc_generated_files/pin_manager.c"
 Parameters:    Size  Location     Type
		None
 Auto vars:     Size  Location     Type
  state           1    5[BANK0 ] unsigned char 
 Return value:  Size  Location     Type
                  1    wreg      void 
 Registers used:
		wreg, status,2, status,0
 Tracked objects:
		On entry : 
		On exit  : 
		Unchanged: 
 Data sizes:     COMMON   BANK0   BANK1   BANK2   BANK3   BANK4   BANK5   BANK6   BANK7   BANK8   BANK9  BANK10  BANK11  BANK12
      Params:         0       0       0       0       0       0       0       0       0       0       0       0       0       0
      Locals:         0       1       0       0       0       0       0       0       0       0       0       0       0       0
      Temps:          0       0       0       0       0       0       0       0       0       0       0       0       0       0
      Totals:         0       1       0       0       0       0       0       0       0       0       0       0       0       0
Total ram usage:        1 bytes
 Hardware stack levels used:    1
 Hardware stack levels required when called:    3
 This function calls:
		Nothing
 This function is called by:
		_SYSTEM_Initialize
 This function uses a non-reentrant model


 *************** function _OSCILLATOR_Initialize *****************
 Defined at:
		line 85 in file "mcc_generated_files/mcc.c"
 Parameters:    Size  Location     Type
		None
 Auto vars:     Size  Location     Type
		None
 Return value:  Size  Location     Type
                  1    wreg      void 
 Registers used:
		status,2
 Tracked objects:
		On entry : 
		On exit  : 
		Unchanged: 
 Data sizes:     COMMON   BANK0   BANK1   BANK2   BANK3   BANK4   BANK5   BANK6   BANK7   BANK8   BANK9  BANK10  BANK11  BANK12
      Params:         0       0       0       0       0       0       0       0       0       0       0       0       0       0
      Locals:         0       0       0       0       0       0       0       0       0       0       0       0       0       0
      Temps:          0       0       0       0       0       0       0       0       0       0       0       0       0       0
      Totals:         0       0       0       0       0       0       0       0       0       0       0       0       0       0
Total ram usage:        0 bytes
 Hardware stack levels used:    1
 Hardware stack levels required when called:    3
 This function calls:
		Nothing
 This function is called by:
		_SYSTEM_Initialize
 This function uses a non-reentrant model


 *************** function _EUSART_Initialize *****************
 Defined at:
		line 75 in file "mcc_generated_files/eusart.c"
 Parameters:    Size  Location     Type
		None
 Auto vars:     Size  Location     Type
		None
 Return value:  Size  Location     Type
                  1    wreg      void 
 Registers used:
		wreg, status,2
 Tracked objects:
		On entry : 
		On exit  : 
		Unchanged: 
 Data sizes:     COMMON   BANK0   BANK1   BANK2   BANK3   BANK4   BANK5   BANK6   BANK7   BANK8   BANK9  BANK10  BANK11  BANK12
      Params:         0       0       0       0       0       0       0       0       0       0       0       0       0       0
      Locals:         0       0       0       0       0       0       0       0       0       0       0       0       0       0
      Temps:          0       1       0       0       0       0       0       0       0       0       0       0       0       0
      Totals:         0       1       0       0       0       0       0       0       0       0       0       0       0       0
Total ram usage:        1 bytes
 Hardware stack levels used:    1
 Hardware stack levels required when called:    3
 This function calls:
		Nothing
 This function is called by:
		_SYSTEM_Initialize
 This function uses a non-reentrant model


 *************** function _INTERRUPT_InterruptManager *****************
 Defined at:
		line 67 in file "main.c"
 Parameters:    Size  Location     Type
		None
 Auto vars:     Size  Location     Type
		None
 Return value:  Size  Location     Type
                  1    wreg      void 
 Registers used:
		wreg, fsr1l, fsr1h, status,2, status,0, pclath, cstack
 Tracked objects:
		On entry : 
		On exit  : 
		Unchanged: 
 Data sizes:     COMMON   BANK0   BANK1   BANK2   BANK3   BANK4   BANK5   BANK6   BANK7   BANK8   BANK9  BANK10  BANK11  BANK12
      Params:         0       0       0       0       0       0       0       0       0       0       0       0       0       0
      Locals:         0       0       0       0       0       0       0       0       0       0       0       0       0       0
      Temps:          1       0       0       0       0       0       0       0       0       0       0       0       0       0
      Totals:         1       0       0       0       0       0       0       0       0       0       0       0       0       0
Total ram usage:        1 bytes
 Hardware stack levels used:    1
 Hardware stack levels required when called:    2
 This function calls:
		_Send_Till_EndSignal
 This function is called by:
		Interrupt level 1
 This function uses a non-reentrant model


 *************** function _Send_Till_EndSignal *****************
 Defined at:
		line 74 in file "Controller_Protocol.c"
 Parameters:    Size  Location     Type
  TxData          1    wreg     PTR unsigned char 
		 -> TxData0(1), 
  transmission    2    1[COMMON] PTR FTN(unsigned char ,)
		 -> i1_EUSART_Write_emargency(1), EUSART_Write_emargency(1), 
  txinterrupt_    2    3[COMMON] PTR FTN(unsigned char ,)
		 -> i1_EUSART_TxInterrupt_Control_emargency(1), EUSART_TxInterrupt_Control_emargency(1), 
  number_of_tx    2    5[COMMON] int 
  bus_number      2    7[COMMON] int 
 Auto vars:     Size  Location     Type
  TxData          1    9[COMMON] PTR unsigned char 
		 -> TxData0(1), 
 Return value:  Size  Location     Type
                  1    wreg      unsigned char 
 Registers used:
		wreg, fsr1l, fsr1h, status,2, status,0, pclath, cstack
 Tracked objects:
		On entry : 
		On exit  : 
		Unchanged: 
 Data sizes:     COMMON   BANK0   BANK1   BANK2   BANK3   BANK4   BANK5   BANK6   BANK7   BANK8   BANK9  BANK10  BANK11  BANK12
      Params:         8       0       0       0       0       0       0       0       0       0       0       0       0       0
      Locals:         1       0       0       0       0       0       0       0       0       0       0       0       0       0
      Temps:          0       5       0       0       0       0       0       0       0       0       0       0       0       0
      Totals:         9       5       0       0       0       0       0       0       0       0       0       0       0       0
Total ram usage:       14 bytes
 Hardware stack levels used:    1
 Hardware stack levels required when called:    1
 This function calls:
		___bmul
		i1_EUSART_TxInterrupt_Control_emargency
		i1_EUSART_Write_emargency
 This function is called by:
		_INTERRUPT_InterruptManager
 This function uses a non-reentrant model


 *************** function i1_EUSART_Write_emargency *****************
 Defined at:
		line 57 in file "main.c"
 Parameters:    Size  Location     Type
  txData          1    0[COMMON] unsigned char 
 Auto vars:     Size  Location     Type
		None
 Return value:  Size  Location     Type
                  1    wreg      void 
 Registers used:
		wreg
 Tracked objects:
		On entry : 
		On exit  : 
		Unchanged: 
 Data sizes:     COMMON   BANK0   BANK1   BANK2   BANK3   BANK4   BANK5   BANK6   BANK7   BANK8   BANK9  BANK10  BANK11  BANK12
      Params:         1       0       0       0       0       0       0       0       0       0       0       0       0       0
      Locals:         0       0       0       0       0       0       0       0       0       0       0       0       0       0
      Temps:          0       0       0       0       0       0       0       0       0       0       0       0       0       0
      Totals:         1       0       0       0       0       0       0       0       0       0       0       0       0       0
Total ram usage:        1 bytes
 Hardware stack levels used:    1
 This function calls:
		Nothing
 This function is called by:
		_INTERRUPT_InterruptManager
		_Send_Till_EndSignal
 This function uses a non-reentrant model


 *************** function i1_EUSART_TxInterrupt_Control_emargency *****************
 Defined at:
		line 62 in file "main.c"
 Parameters:    Size  Location     Type
  enable_or_di    1    0[COMMON] unsigned char 
 Auto vars:     Size  Location     Type
		None
 Return value:  Size  Location     Type
                  1    wreg      void 
 Registers used:
		wreg, status,0
 Tracked objects:
		On entry : 
		On exit  : 
		Unchanged: 
 Data sizes:     COMMON   BANK0   BANK1   BANK2   BANK3   BANK4   BANK5   BANK6   BANK7   BANK8   BANK9  BANK10  BANK11  BANK12
      Params:         1       0       0       0       0       0       0       0       0       0       0       0       0       0
      Locals:         0       0       0       0       0       0       0       0       0       0       0       0       0       0
      Temps:          0       0       0       0       0       0       0       0       0       0       0       0       0       0
      Totals:         1       0       0       0       0       0       0       0       0       0       0       0       0       0
Total ram usage:        1 bytes
 Hardware stack levels used:    1
 This function calls:
		Nothing
 This function is called by:
		_INTERRUPT_InterruptManager
		_Send_Till_EndSignal
 This function uses a non-reentrant model


 *************** function ___bmul *****************
 Defined at:
		line 4 in file "C:\Program Files (x86)\Microchip\xc8\v1.42\sources\common\Umul8.c"
 Parameters:    Size  Location     Type
  multiplier      1    wreg     unsigned char 
  multiplicand    1    4[BANK1 ] unsigned char 
 Auto vars:     Size  Location     Type
  multiplier      1    9[BANK1 ] unsigned char 
  product         1    8[BANK1 ] unsigned char 
 Return value:  Size  Location     Type
                  1    wreg      unsigned char 
 Registers used:
		wreg, status,2, status,0
 Tracked objects:
		On entry : 
		On exit  : 
		Unchanged: 
 Data sizes:     COMMON   BANK0   BANK1   BANK2   BANK3   BANK4   BANK5   BANK6   BANK7   BANK8   BANK9  BANK10  BANK11  BANK12
      Params:         0       0       1       0       0       0       0       0       0       0       0       0       0       0
      Locals:         0       0       4       0       0       0       0       0       0       0       0       0       0       0
      Temps:          0       0       1       0       0       0       0       0       0       0       0       0       0       0
      Totals:         0       0       6       0       0       0       0       0       0       0       0       0       0       0
Total ram usage:        6 bytes
 Hardware stack levels used:    1
 This function calls:
		Nothing
 This function is called by:
		_Send_Till_EndSignal
		_Initialize_Parameters
 This function uses a non-reentrant model



MODULE INFORMATION

Module		Function		Class		Link	Load	Size
C:\Program Files (x86)\Microchip\xc8\v1.42\sources\common\Umul8.c
		___bmul        		CODE           	0244	0000	19

C:\Program Files (x86)\Microchip\xc8\v1.42\sources\common\Umul8.c estimated size: 19

mcc_generated_files/pin_manager.c
		_PIN_MANAGER_Initialize		CODE           	01DC	0000	50

mcc_generated_files/pin_manager.c estimated size: 50

shared
		i1_EUSART_Write_emargency		CODE           	028E	0000	5
		i1_EUSART_TxInterrupt_Control_emargency		CODE           	0277	0000	8
		__initialization		CODE           	0035	0000	16

shared estimated size: 29

mcc_generated_files/mcc.c
		_WDT_Initialize		CODE           	028A	0000	5
		_OSCILLATOR_Initialize		CODE           	0284	0000	7
		_SYSTEM_Initialize		CODE           	0262	0000	13

mcc_generated_files/mcc.c estimated size: 25

Controller_Protocol.c
		_Send_StartSignal		CODE           	020D	0000	30
		_Send_Till_EndSignal		CODE           	0048	0000	354

Controller_Protocol.c estimated size: 384

mcc_generated_files/eusart.c
		_EUSART_Initialize		CODE           	022A	0000	27

mcc_generated_files/eusart.c estimated size: 27

main.c
		_EUSART_Write_emargency		CODE           	026E	0000	10
		_main          		CODE           	01A9	0000	52
		_INTERRUPT_InterruptManager		CODE           	0004	0000	48
		_EUSART_TxInterrupt_Control_emargency		CODE           	0256	0000	13

main.c estimated size: 123

